TLC2 Version 2026.09.17.032053 (rev: 142d0ba)
Running breadth-first search Model-Checking with fp 94 and seed -5375572715419599060 with 4 workers on 4 cores with 3164MB heap and 64MB offheap memory [pid: 58973] (Linux 6.12.94+ amd64, Ubuntu 21.0.10 64bit, MSBDiskFPSet, DiskStateQueue).
Parsing file /workspace/formal/SPELeaseCommit.tla
Parsing file /tmp/tlc-17920733062716044410/Naturals.tla (jar:file:/workspace/tools/tlc/tla2tools.jar!/tla2sany/StandardModules/Naturals.tla)
Parsing file /tmp/tlc-17920733062716044410/FiniteSets.tla (jar:file:/workspace/tools/tlc/tla2tools.jar!/tla2sany/StandardModules/FiniteSets.tla)
Parsing file /tmp/tlc-17920733062716044410/Sequences.tla (jar:file:/workspace/tools/tlc/tla2tools.jar!/tla2sany/StandardModules/Sequences.tla)
Parsing file /tmp/tlc-17920733062716044410/TLC.tla (jar:file:/workspace/tools/tlc/tla2tools.jar!/tla2sany/StandardModules/TLC.tla)
Parsing file /tmp/tlc-17920733062716044410/_TLCTrace.tla (jar:file:/workspace/tools/tlc/tla2tools.jar!/tla2sany/StandardModules/_TLCTrace.tla)
Parsing file /tmp/tlc-17920733062716044410/TLCExt.tla (jar:file:/workspace/tools/tlc/tla2tools.jar!/tla2sany/StandardModules/TLCExt.tla)
Parsing file /tmp/tlc-17920733062716044410/Integers.tla (jar:file:/workspace/tools/tlc/tla2tools.jar!/tla2sany/StandardModules/Integers.tla)
Semantic processing of module Naturals
Semantic processing of module Sequences
Semantic processing of module FiniteSets
Semantic processing of module TLC
Semantic processing of module Integers
Semantic processing of module TLCExt
Semantic processing of module _TLCTrace
Semantic processing of module SPELeaseCommit
Linting of module TLCExt
Linting of module _TLCTrace
Linting of module SPELeaseCommit
Starting... (2026-09-18 18:37:12)
Computing initial states...
Finished computing initial states: 1 distinct state generated at 2026-09-18 18:37:12.
Model checking completed. No error has been found.
  Estimates of the probability that TLC did not check all reachable states
  because two distinct states had the same fingerprint:
  calculated (optimistic):  val = 1.0E-11
The coverage statistics at 2026-09-18 18:37:13 (see https://explain.tlapl.us/module-coverage-statistics for how to interpret the following statistics).
<ledgerLen line 59, col 3 to line 59, col 11 of module SPELeaseCommit>: 3
<patchExists line 51, col 3 to line 51, col 13 of module SPELeaseCommit>: 4
<commitCount line 60, col 3 to line 60, col 13 of module SPELeaseCommit>: 3
<leaseBase line 48, col 3 to line 48, col 11 of module SPELeaseCommit>: 3
<committedAgainst line 56, col 3 to line 56, col 18 of module SPELeaseCommit>: 3
<leaseReqType line 50, col 3 to line 50, col 14 of module SPELeaseCommit>: 3
<patchLease line 53, col 3 to line 53, col 12 of module SPELeaseCommit>: 9
<patchBase line 52, col 3 to line 52, col 11 of module SPELeaseCommit>: 16
<patchObl line 54, col 3 to line 54, col 10 of module SPELeaseCommit>: 4
<patchCommitted line 55, col 3 to line 55, col 16 of module SPELeaseCommit>: 4
<receiptType line 58, col 3 to line 58, col 13 of module SPELeaseCommit>: 4
<receiptVerdict line 57, col 3 to line 57, col 16 of module SPELeaseCommit>: 16
<curVersion line 46, col 3 to line 46, col 12 of module SPELeaseCommit>: 3
<leaseObl line 49, col 3 to line 49, col 10 of module SPELeaseCommit>: 3
<leaseStatus line 47, col 3 to line 47, col 13 of module SPELeaseCommit>: 15
<Init line 96, col 1 to line 96, col 4 of module SPELeaseCommit>: 1:1
  line 98, col 20 to line 98, col 43 of module SPELeaseCommit: 1:2
  |line 98, col 27 to line 98, col 31 of module SPELeaseCommit: 1
  line 99, col 18 to line 99, col 36 of module SPELeaseCommit: 1:2
  |line 99, col 25 to line 99, col 29 of module SPELeaseCommit: 1
  line 100, col 17 to line 100, col 39 of module SPELeaseCommit: 1:2
  |line 100, col 34 to line 100, col 38 of module SPELeaseCommit: 2
  |line 100, col 24 to line 100, col 28 of module SPELeaseCommit: 1
  line 101, col 21 to line 101, col 44 of module SPELeaseCommit: 1:2
  |line 101, col 38 to line 101, col 43 of module SPELeaseCommit: 2
  |line 101, col 28 to line 101, col 32 of module SPELeaseCommit: 1
  line 102, col 20 to line 102, col 42 of module SPELeaseCommit: 1:2
  |line 102, col 37 to line 102, col 41 of module SPELeaseCommit: 2
  |line 102, col 27 to line 102, col 31 of module SPELeaseCommit: 1
  line 103, col 18 to line 103, col 36 of module SPELeaseCommit: 1:2
  |line 103, col 25 to line 103, col 29 of module SPELeaseCommit: 1
  line 104, col 19 to line 104, col 43 of module SPELeaseCommit: 1:2
  |line 104, col 36 to line 104, col 42 of module SPELeaseCommit: 2
  |line 104, col 26 to line 104, col 30 of module SPELeaseCommit: 1
  line 105, col 17 to line 105, col 39 of module SPELeaseCommit: 1:2
  |line 105, col 34 to line 105, col 38 of module SPELeaseCommit: 2
  |line 105, col 24 to line 105, col 28 of module SPELeaseCommit: 1
  line 106, col 23 to line 106, col 45 of module SPELeaseCommit: 1:2
  |line 106, col 40 to line 106, col 44 of module SPELeaseCommit: 2
  |line 106, col 30 to line 106, col 34 of module SPELeaseCommit: 1
  line 107, col 25 to line 107, col 43 of module SPELeaseCommit: 1:2
  |line 107, col 32 to line 107, col 36 of module SPELeaseCommit: 1
  line 108, col 23 to line 108, col 46 of module SPELeaseCommit: 1:2
  |line 108, col 30 to line 108, col 34 of module SPELeaseCommit: 1
  line 109, col 20 to line 109, col 43 of module SPELeaseCommit: 1:2
  |line 109, col 37 to line 109, col 42 of module SPELeaseCommit: 2
  |line 109, col 27 to line 109, col 31 of module SPELeaseCommit: 1
  line 111, col 6 to line 111, col 20 of module SPELeaseCommit: 1
<IssueLease line 140, col 1 to line 140, col 20 of module SPELeaseCommit>: 71:1226
  line 141, col 6 to line 141, col 28 of module SPELeaseCommit: 13452
  |line 141, col 6 to line 141, col 19 of module SPELeaseCommit: 12226
  line 142, col 6 to line 142, col 29 of module SPELeaseCommit: 1226
  line 143, col 6 to line 143, col 56 of module SPELeaseCommit: 1226
  line 144, col 6 to line 144, col 54 of module SPELeaseCommit: 1226
  line 145, col 6 to line 145, col 43 of module SPELeaseCommit: 1226
  line 146, col 6 to line 146, col 52 of module SPELeaseCommit: 1226
  line 147, col 6 to line 151, col 7 of module SPELeaseCommit: 1226
<ProposeFreshPatch line 154, col 1 to line 154, col 23 of module SPELeaseCommit>: 18:336
  line 155, col 6 to line 155, col 20 of module SPELeaseCommit: 24788
  |line 155, col 7 to line 155, col 20 of module SPELeaseCommit: 24452
  line 117, col 19 to line 117, col 43 of module SPELeaseCommit: 1180
  |line 117, col 19 to line 117, col 32 of module SPELeaseCommit: 844
  line 156, col 18 to line 156, col 18 of module SPELeaseCommit: 844
  line 157, col 6 to line 157, col 30 of module SPELeaseCommit: 676
  |line 157, col 6 to line 157, col 17 of module SPELeaseCommit: 340
  |line 157, col 21 to line 157, col 30 of module SPELeaseCommit: 340
  line 158, col 6 to line 158, col 52 of module SPELeaseCommit: 336
  line 159, col 6 to line 159, col 54 of module SPELeaseCommit: 336
  line 160, col 6 to line 160, col 47 of module SPELeaseCommit: 336
  line 161, col 6 to line 161, col 53 of module SPELeaseCommit: 336
  line 162, col 6 to line 162, col 59 of module SPELeaseCommit: 336
  line 163, col 6 to line 163, col 60 of module SPELeaseCommit: 336
  line 164, col 6 to line 164, col 54 of module SPELeaseCommit: 336
  line 165, col 6 to line 168, col 7 of module SPELeaseCommit: 336
<ProposeStalePatch line 172, col 1 to line 172, col 33 of module SPELeaseCommit>: 141:1020
  line 173, col 6 to line 173, col 20 of module SPELeaseCommit: 98828
  |line 173, col 7 to line 173, col 20 of module SPELeaseCommit: 97808
  line 117, col 19 to line 117, col 43 of module SPELeaseCommit: 4396
  |line 117, col 19 to line 117, col 32 of module SPELeaseCommit: 3376
  line 174, col 18 to line 174, col 18 of module SPELeaseCommit: 3376
  line 175, col 6 to line 175, col 31 of module SPELeaseCommit: 2380
  |line 175, col 6 to line 175, col 13 of module SPELeaseCommit: 1360
  |line 175, col 19 to line 175, col 31 of module SPELeaseCommit: 1360
  line 176, col 6 to line 176, col 26 of module SPELeaseCommit: 2380
  |line 176, col 6 to line 176, col 13 of module SPELeaseCommit: 1360
  |line 176, col 17 to line 176, col 26 of module SPELeaseCommit: 1360
  line 177, col 6 to line 177, col 52 of module SPELeaseCommit: 1020
  line 178, col 6 to line 178, col 52 of module SPELeaseCommit: 1020
  line 179, col 6 to line 179, col 47 of module SPELeaseCommit: 1020
  line 180, col 6 to line 180, col 53 of module SPELeaseCommit: 1020
  line 181, col 6 to line 181, col 59 of module SPELeaseCommit: 1020
  line 182, col 6 to line 182, col 60 of module SPELeaseCommit: 1020
  line 183, col 6 to line 183, col 54 of module SPELeaseCommit: 1020
  line 184, col 6 to line 187, col 7 of module SPELeaseCommit: 1020
<Verify line 190, col 1 to line 190, col 22 of module SPELeaseCommit>: 1636:8400
  line 191, col 6 to line 191, col 19 of module SPELeaseCommit: 8400
  |line 191, col 6 to line 191, col 16 of module SPELeaseCommit: 36678
  |line 191, col 18 to line 191, col 18 of module SPELeaseCommit: 36678
  line 192, col 6 to line 192, col 23 of module SPELeaseCommit: 43812
  |line 192, col 7 to line 192, col 23 of module SPELeaseCommit: 35412
  line 193, col 6 to line 193, col 31 of module SPELeaseCommit: 42000
  |line 193, col 6 to line 193, col 22 of module SPELeaseCommit: 33600
  line 194, col 6 to line 194, col 44 of module SPELeaseCommit: 16800
  |line 194, col 6 to line 194, col 12 of module SPELeaseCommit: 8400
  |line 194, col 18 to line 194, col 44 of module SPELeaseCommit: 8400
  line 195, col 6 to line 195, col 21 of module SPELeaseCommit: 16800
  |line 195, col 6 to line 195, col 7 of module SPELeaseCommit: 8400
  |line 195, col 13 to line 195, col 21 of module SPELeaseCommit: 8400
  line 196, col 6 to line 196, col 61 of module SPELeaseCommit: 8400
  line 197, col 6 to line 197, col 50 of module SPELeaseCommit: 8400
  line 198, col 6 to line 202, col 7 of module SPELeaseCommit: 8400
<RevokeLease line 206, col 1 to line 206, col 14 of module SPELeaseCommit>: 3927:5198
  line 207, col 6 to line 207, col 30 of module SPELeaseCommit: 17424
  |line 207, col 6 to line 207, col 19 of module SPELeaseCommit: 12226
  line 208, col 6 to line 208, col 57 of module SPELeaseCommit: 5198
  line 209, col 6 to line 213, col 7 of module SPELeaseCommit: 5198
<CommitSuccess line 216, col 1 to line 216, col 16 of module SPELeaseCommit>: 319:336
  line 120, col 6 to line 120, col 19 of module SPELeaseCommit: 336
  |line 120, col 6 to line 120, col 16 of module SPELeaseCommit: 12226
  |line 120, col 18 to line 120, col 18 of module SPELeaseCommit: 12226
  line 121, col 6 to line 121, col 23 of module SPELeaseCommit: 12140
  |line 121, col 7 to line 121, col 23 of module SPELeaseCommit: 11804
  line 122, col 6 to line 122, col 28 of module SPELeaseCommit: 11536
  |line 122, col 6 to line 122, col 18 of module SPELeaseCommit: 11200
  |line 122, col 24 to line 122, col 28 of module SPELeaseCommit: 11200
  line 117, col 19 to line 117, col 43 of module SPELeaseCommit: 11536
  |line 117, col 19 to line 117, col 32 of module SPELeaseCommit: 11200
  line 124, col 23 to line 124, col 23 of module SPELeaseCommit: 11200
  line 125, col 11 to line 125, col 35 of module SPELeaseCommit: 5776
  |line 125, col 11 to line 125, col 22 of module SPELeaseCommit: 5440
  |line 125, col 26 to line 125, col 35 of module SPELeaseCommit: 5440
  line 126, col 11 to line 126, col 35 of module SPELeaseCommit: 5712
  |line 126, col 11 to line 126, col 22 of module SPELeaseCommit: 5376
  |line 126, col 26 to line 126, col 35 of module SPELeaseCommit: 5376
  line 127, col 11 to line 127, col 37 of module SPELeaseCommit: 1680
  |line 127, col 11 to line 127, col 22 of module SPELeaseCommit: 1344
  |line 127, col 26 to line 127, col 37 of module SPELeaseCommit: 1344
  line 128, col 11 to line 128, col 29 of module SPELeaseCommit: 1680
  |line 128, col 11 to line 128, col 21 of module SPELeaseCommit: 1344
  |line 128, col 27 to line 128, col 29 of module SPELeaseCommit: 1344
  line 129, col 11 to line 129, col 35 of module SPELeaseCommit: 1680
  |line 129, col 11 to line 129, col 21 of module SPELeaseCommit: 1344
  |line 129, col 25 to line 129, col 35 of module SPELeaseCommit: 1344
  line 130, col 11 to line 130, col 36 of module SPELeaseCommit: 1680
  |line 130, col 11 to line 130, col 27 of module SPELeaseCommit: 1344
  line 131, col 11 to line 131, col 38 of module SPELeaseCommit: 672
  |line 131, col 11 to line 131, col 24 of module SPELeaseCommit: 336
  |line 131, col 30 to line 131, col 38 of module SPELeaseCommit: 336
  line 132, col 11 to line 132, col 42 of module SPELeaseCommit: 672
  |line 132, col 11 to line 132, col 25 of module SPELeaseCommit: 336
  |line 132, col 29 to line 132, col 42 of module SPELeaseCommit: 336
  line 133, col 6 to line 133, col 28 of module SPELeaseCommit: 336
  line 217, col 18 to line 217, col 18 of module SPELeaseCommit: 12226
  line 219, col 8 to line 224, col 73 of module SPELeaseCommit: 336
  line 225, col 6 to line 229, col 7 of module SPELeaseCommit: 336
<CommitReject line 233, col 1 to line 233, col 15 of module SPELeaseCommit>: 0:10864
  line 234, col 6 to line 234, col 19 of module SPELeaseCommit: 10864
  |line 234, col 6 to line 234, col 16 of module SPELeaseCommit: 12226
  |line 234, col 18 to line 234, col 18 of module SPELeaseCommit: 12226
  line 235, col 6 to line 235, col 23 of module SPELeaseCommit: 22668
  |line 235, col 7 to line 235, col 23 of module SPELeaseCommit: 11804
  line 236, col 6 to line 236, col 20 of module SPELeaseCommit: 22064
  |line 236, col 7 to line 236, col 20 of module SPELeaseCommit: 11200
  ||line 120, col 3 to line 133, col 28 of module SPELeaseCommit: 11200
  |||line 120, col 6 to line 120, col 19 of module SPELeaseCommit: 11200
  |||line 121, col 6 to line 121, col 23 of module SPELeaseCommit: 11200
  |||line 122, col 6 to line 122, col 28 of module SPELeaseCommit: 11200
  |||line 123, col 15 to line 123, col 27 of module SPELeaseCommit: 11200
  |||line 124, col 8 to line 132, col 42 of module SPELeaseCommit: 11200
  ||||line 124, col 11 to line 124, col 24 of module SPELeaseCommit: 11200
  ||||line 125, col 11 to line 125, col 35 of module SPELeaseCommit: 5440
  ||||line 126, col 11 to line 126, col 35 of module SPELeaseCommit: 5376
  ||||line 127, col 11 to line 127, col 37 of module SPELeaseCommit: 1344
  ||||line 128, col 11 to line 128, col 29 of module SPELeaseCommit: 1344
  ||||line 129, col 11 to line 129, col 35 of module SPELeaseCommit: 1344
  ||||line 130, col 11 to line 130, col 36 of module SPELeaseCommit: 1344
  ||||line 131, col 11 to line 131, col 38 of module SPELeaseCommit: 336
  ||||line 132, col 11 to line 132, col 42 of module SPELeaseCommit: 336
  |||line 133, col 6 to line 133, col 28 of module SPELeaseCommit: 336
  ||line 236, col 19 to line 236, col 19 of module SPELeaseCommit: 11200
  line 237, col 6 to line 237, col 19 of module SPELeaseCommit: 10864
<TerminalStutter line 278, col 1 to line 278, col 15 of module SPELeaseCommit>: 0:10300
  line 268, col 23 to line 268, col 72 of module SPELeaseCommit: 13635
  |line 268, col 23 to line 268, col 36 of module SPELeaseCommit: 9627
  |line 268, col 42 to line 268, col 72 of module SPELeaseCommit: 9627
  line 268, col 15 to line 268, col 19 of module SPELeaseCommit: 6113
  line 269, col 23 to line 269, col 47 of module SPELeaseCommit: 8016
  |line 269, col 23 to line 269, col 36 of module SPELeaseCommit: 4008
  line 269, col 15 to line 269, col 19 of module SPELeaseCommit: 2004
  line 271, col 8 to line 271, col 22 of module SPELeaseCommit: 6788
  |line 271, col 9 to line 271, col 22 of module SPELeaseCommit: 6548
  line 272, col 11 to line 272, col 27 of module SPELeaseCommit: 548
  |line 272, col 11 to line 272, col 24 of module SPELeaseCommit: 6548
  |line 272, col 26 to line 272, col 26 of module SPELeaseCommit: 6548
  line 273, col 11 to line 273, col 51 of module SPELeaseCommit: 9428
  |line 273, col 11 to line 273, col 27 of module SPELeaseCommit: 6548
  |line 273, col 33 to line 273, col 51 of module SPELeaseCommit: 6548
  line 274, col 12 to line 274, col 25 of module SPELeaseCommit: 4868
  |line 274, col 12 to line 274, col 22 of module SPELeaseCommit: 6548
  |line 274, col 24 to line 274, col 24 of module SPELeaseCommit: 6548
  line 274, col 30 to line 274, col 54 of module SPELeaseCommit: 11176
  |line 274, col 30 to line 274, col 41 of module SPELeaseCommit: 6308
  |line 274, col 45 to line 274, col 54 of module SPELeaseCommit: 6308
  line 275, col 12 to line 275, col 25 of module SPELeaseCommit: 6308
  |line 275, col 12 to line 275, col 22 of module SPELeaseCommit: 6548
  |line 275, col 24 to line 275, col 24 of module SPELeaseCommit: 6548
  line 275, col 30 to line 275, col 52 of module SPELeaseCommit: 12616
  |line 275, col 30 to line 275, col 42 of module SPELeaseCommit: 6308
  |line 275, col 48 to line 275, col 52 of module SPELeaseCommit: 6308
  line 275, col 57 to line 275, col 93 of module SPELeaseCommit: 12616
  |line 275, col 57 to line 275, col 82 of module SPELeaseCommit: 6308
  line 270, col 15 to line 270, col 19 of module SPELeaseCommit: 2004
  line 276, col 6 to line 276, col 39 of module SPELeaseCommit: 20600
  |line 276, col 8 to line 276, col 38 of module SPELeaseCommit: 10300
  ||line 276, col 25 to line 276, col 38 of module SPELeaseCommit: 20600
  |||line 120, col 3 to line 133, col 28 of module SPELeaseCommit: 20600
  ||||line 120, col 6 to line 120, col 19 of module SPELeaseCommit: 20600
  ||||line 121, col 6 to line 121, col 23 of module SPELeaseCommit: 20268
  ||||line 122, col 6 to line 122, col 28 of module SPELeaseCommit: 18000
  ||||line 123, col 15 to line 123, col 27 of module SPELeaseCommit: 18000
  ||||line 124, col 8 to line 132, col 42 of module SPELeaseCommit: 18000
  |||line 276, col 37 to line 276, col 37 of module SPELeaseCommit: 20600
  ||line 276, col 17 to line 276, col 21 of module SPELeaseCommit: 10300
  line 280, col 6 to line 280, col 19 of module SPELeaseCommit: 10300
<TypeOK line 75, col 1 to line 75, col 6 of module SPELeaseCommit>
  line 76, col 3 to line 90, col 34 of module SPELeaseCommit: 6113
  |line 76, col 6 to line 76, col 33 of module SPELeaseCommit: 6113
  |line 77, col 6 to line 77, col 45 of module SPELeaseCommit: 6113
  |line 78, col 6 to line 78, col 43 of module SPELeaseCommit: 6113
  |line 79, col 6 to line 79, col 47 of module SPELeaseCommit: 6113
  ||line 79, col 6 to line 79, col 13 of module SPELeaseCommit: 6113
  ||line 79, col 19 to line 79, col 47 of module SPELeaseCommit: 6113
  |||line 79, col 20 to line 79, col 24 of module SPELeaseCommit: 6113
  |||line 79, col 30 to line 79, col 45 of module SPELeaseCommit: 6113
  ||||line 79, col 30 to line 79, col 32 of module SPELeaseCommit: 6113
  ||||line 79, col 39 to line 79, col 45 of module SPELeaseCommit: 6113:12226
  |||||line 79, col 40 to line 79, col 44 of module SPELeaseCommit: 6113
  |line 80, col 6 to line 80, col 58 of module SPELeaseCommit: 6113
  ||line 80, col 6 to line 80, col 17 of module SPELeaseCommit: 6113
  ||line 80, col 23 to line 80, col 58 of module SPELeaseCommit: 6113
  |||line 80, col 24 to line 80, col 28 of module SPELeaseCommit: 6113
  |||line 80, col 34 to line 80, col 56 of module SPELeaseCommit: 6113
  ||||line 80, col 34 to line 80, col 42 of module SPELeaseCommit: 6113
  ||||line 80, col 49 to line 80, col 56 of module SPELeaseCommit: 6113:12226
  |||||line 80, col 50 to line 80, col 55 of module SPELeaseCommit: 6113
  |line 81, col 6 to line 81, col 39 of module SPELeaseCommit: 6113
  |line 82, col 6 to line 82, col 43 of module SPELeaseCommit: 6113
  |line 83, col 6 to line 83, col 53 of module SPELeaseCommit: 6113
  ||line 83, col 6 to line 83, col 15 of module SPELeaseCommit: 6113
  ||line 83, col 21 to line 83, col 53 of module SPELeaseCommit: 6113
  |||line 83, col 22 to line 83, col 26 of module SPELeaseCommit: 6113
  |||line 83, col 32 to line 83, col 51 of module SPELeaseCommit: 6113
  ||||line 83, col 32 to line 83, col 36 of module SPELeaseCommit: 6113
  ||||line 83, col 43 to line 83, col 51 of module SPELeaseCommit: 6113:12226
  |||||line 83, col 44 to line 83, col 50 of module SPELeaseCommit: 6113
  |line 84, col 6 to line 84, col 47 of module SPELeaseCommit: 6113
  ||line 84, col 6 to line 84, col 13 of module SPELeaseCommit: 6113
  ||line 84, col 19 to line 84, col 47 of module SPELeaseCommit: 6113
  |||line 84, col 20 to line 84, col 24 of module SPELeaseCommit: 6113
  |||line 84, col 30 to line 84, col 45 of module SPELeaseCommit: 6113
  ||||line 84, col 30 to line 84, col 32 of module SPELeaseCommit: 6113
  ||||line 84, col 39 to line 84, col 45 of module SPELeaseCommit: 6113:12226
  |||||line 84, col 40 to line 84, col 44 of module SPELeaseCommit: 6113
  |line 85, col 6 to line 85, col 42 of module SPELeaseCommit: 6113
  |line 86, col 6 to line 86, col 50 of module SPELeaseCommit: 6113
  |line 87, col 6 to line 87, col 43 of module SPELeaseCommit: 6113
  |line 88, col 6 to line 88, col 57 of module SPELeaseCommit: 6113
  ||line 88, col 6 to line 88, col 16 of module SPELeaseCommit: 6113
  ||line 88, col 22 to line 88, col 57 of module SPELeaseCommit: 6113
  |||line 88, col 23 to line 88, col 27 of module SPELeaseCommit: 6113
  |||line 88, col 33 to line 88, col 55 of module SPELeaseCommit: 6113
  ||||line 88, col 33 to line 88, col 41 of module SPELeaseCommit: 6113
  ||||line 88, col 48 to line 88, col 55 of module SPELeaseCommit: 6113:12226
  |||||line 88, col 49 to line 88, col 54 of module SPELeaseCommit: 6113
  |line 89, col 6 to line 89, col 32 of module SPELeaseCommit: 6113
  |line 90, col 6 to line 90, col 34 of module SPELeaseCommit: 6113
<LeaseBindsBaseSnapshot line 328, col 1 to line 328, col 22 of module SPELeaseCommit>
  line 329, col 3 to line 333, col 43 of module SPELeaseCommit: 6113
  |line 330, col 5 to line 333, col 43 of module SPELeaseCommit: 12226
  ||line 330, col 5 to line 330, col 21 of module SPELeaseCommit: 12226
  ||line 331, col 7 to line 333, col 43 of module SPELeaseCommit: 604
  |line 329, col 12 to line 329, col 16 of module SPELeaseCommit: 6113
<OnlyActiveLeaseCommits line 336, col 1 to line 336, col 22 of module SPELeaseCommit>
  line 337, col 3 to line 340, col 48 of module SPELeaseCommit: 6113
  |line 338, col 5 to line 340, col 48 of module SPELeaseCommit: 12226
  ||line 338, col 5 to line 338, col 21 of module SPELeaseCommit: 12226
  ||line 339, col 7 to line 340, col 48 of module SPELeaseCommit: 604
  |line 337, col 12 to line 337, col 16 of module SPELeaseCommit: 6113
<AllSafety line 406, col 1 to line 406, col 9 of module SPELeaseCommit>
  line 407, col 3 to line 420, col 26 of module SPELeaseCommit: 6113
  |line 407, col 6 to line 407, col 11 of module SPELeaseCommit: 6113
  ||line 76, col 3 to line 90, col 34 of module SPELeaseCommit: 6113
  |||line 76, col 6 to line 76, col 33 of module SPELeaseCommit: 6113
  |||line 77, col 6 to line 77, col 45 of module SPELeaseCommit: 6113
  |||line 78, col 6 to line 78, col 43 of module SPELeaseCommit: 6113
  |||line 79, col 6 to line 79, col 47 of module SPELeaseCommit: 6113
  ||||line 79, col 6 to line 79, col 13 of module SPELeaseCommit: 6113
  ||||line 79, col 19 to line 79, col 47 of module SPELeaseCommit: 6113
  |||||line 79, col 20 to line 79, col 24 of module SPELeaseCommit: 6113
  |||||line 79, col 30 to line 79, col 45 of module SPELeaseCommit: 6113
  ||||||line 79, col 30 to line 79, col 32 of module SPELeaseCommit: 6113
  ||||||line 79, col 39 to line 79, col 45 of module SPELeaseCommit: 6113:12226
  |||||||line 79, col 40 to line 79, col 44 of module SPELeaseCommit: 6113
  |||line 80, col 6 to line 80, col 58 of module SPELeaseCommit: 6113
  ||||line 80, col 6 to line 80, col 17 of module SPELeaseCommit: 6113
  ||||line 80, col 23 to line 80, col 58 of module SPELeaseCommit: 6113
  |||||line 80, col 24 to line 80, col 28 of module SPELeaseCommit: 6113
  |||||line 80, col 34 to line 80, col 56 of module SPELeaseCommit: 6113
  ||||||line 80, col 34 to line 80, col 42 of module SPELeaseCommit: 6113
  ||||||line 80, col 49 to line 80, col 56 of module SPELeaseCommit: 6113:12226
  |||||||line 80, col 50 to line 80, col 55 of module SPELeaseCommit: 6113
  |||line 81, col 6 to line 81, col 39 of module SPELeaseCommit: 6113
  |||line 82, col 6 to line 82, col 43 of module SPELeaseCommit: 6113
  |||line 83, col 6 to line 83, col 53 of module SPELeaseCommit: 6113
  ||||line 83, col 6 to line 83, col 15 of module SPELeaseCommit: 6113
  ||||line 83, col 21 to line 83, col 53 of module SPELeaseCommit: 6113
  |||||line 83, col 22 to line 83, col 26 of module SPELeaseCommit: 6113
  |||||line 83, col 32 to line 83, col 51 of module SPELeaseCommit: 6113
  ||||||line 83, col 32 to line 83, col 36 of module SPELeaseCommit: 6113
  ||||||line 83, col 43 to line 83, col 51 of module SPELeaseCommit: 6113:12226
  |||||||line 83, col 44 to line 83, col 50 of module SPELeaseCommit: 6113
  |||line 84, col 6 to line 84, col 47 of module SPELeaseCommit: 6113
  ||||line 84, col 6 to line 84, col 13 of module SPELeaseCommit: 6113
  ||||line 84, col 19 to line 84, col 47 of module SPELeaseCommit: 6113
  |||||line 84, col 20 to line 84, col 24 of module SPELeaseCommit: 6113
  |||||line 84, col 30 to line 84, col 45 of module SPELeaseCommit: 6113
  ||||||line 84, col 30 to line 84, col 32 of module SPELeaseCommit: 6113
  ||||||line 84, col 39 to line 84, col 45 of module SPELeaseCommit: 6113:12226
  |||||||line 84, col 40 to line 84, col 44 of module SPELeaseCommit: 6113
  |||line 85, col 6 to line 85, col 42 of module SPELeaseCommit: 6113
  |||line 86, col 6 to line 86, col 50 of module SPELeaseCommit: 6113
  |||line 87, col 6 to line 87, col 43 of module SPELeaseCommit: 6113
  |||line 88, col 6 to line 88, col 57 of module SPELeaseCommit: 6113
  ||||line 88, col 6 to line 88, col 16 of module SPELeaseCommit: 6113
  ||||line 88, col 22 to line 88, col 57 of module SPELeaseCommit: 6113
  |||||line 88, col 23 to line 88, col 27 of module SPELeaseCommit: 6113
  |||||line 88, col 33 to line 88, col 55 of module SPELeaseCommit: 6113
  ||||||line 88, col 33 to line 88, col 41 of module SPELeaseCommit: 6113
  ||||||line 88, col 48 to line 88, col 55 of module SPELeaseCommit: 6113:12226
  |||||||line 88, col 49 to line 88, col 54 of module SPELeaseCommit: 6113
  |||line 89, col 6 to line 89, col 32 of module SPELeaseCommit: 6113
  |||line 90, col 6 to line 90, col 34 of module SPELeaseCommit: 6113
  |line 408, col 6 to line 408, col 29 of module SPELeaseCommit: 6113
  |line 409, col 6 to line 409, col 27 of module SPELeaseCommit: 6113
  ||line 324, col 3 to line 325, col 61 of module SPELeaseCommit: 6113
  |||line 325, col 5 to line 325, col 61 of module SPELeaseCommit: 12226
  ||||line 325, col 5 to line 325, col 21 of module SPELeaseCommit: 12226
  ||||line 325, col 27 to line 325, col 60 of module SPELeaseCommit: 604
  |||line 324, col 12 to line 324, col 16 of module SPELeaseCommit: 6113
  |line 410, col 6 to line 410, col 27 of module SPELeaseCommit: 6113
  ||line 329, col 3 to line 333, col 43 of module SPELeaseCommit: 6113
  |||line 330, col 5 to line 333, col 43 of module SPELeaseCommit: 12226
  ||||line 330, col 5 to line 330, col 21 of module SPELeaseCommit: 12226
  ||||line 331, col 7 to line 333, col 43 of module SPELeaseCommit: 604
  |||line 329, col 12 to line 329, col 16 of module SPELeaseCommit: 6113
  |line 411, col 6 to line 411, col 27 of module SPELeaseCommit: 6113
  ||line 337, col 3 to line 340, col 48 of module SPELeaseCommit: 6113
  |||line 338, col 5 to line 340, col 48 of module SPELeaseCommit: 12226
  ||||line 338, col 5 to line 338, col 21 of module SPELeaseCommit: 12226
  ||||line 339, col 7 to line 340, col 48 of module SPELeaseCommit: 604
  |||line 337, col 12 to line 337, col 16 of module SPELeaseCommit: 6113
  |line 412, col 6 to line 412, col 33 of module SPELeaseCommit: 6113
  ||line 344, col 3 to line 348, col 46 of module SPELeaseCommit: 6113
  |||line 345, col 5 to line 348, col 46 of module SPELeaseCommit: 12226
  ||||line 345, col 5 to line 345, col 21 of module SPELeaseCommit: 12226
  ||||line 346, col 7 to line 348, col 46 of module SPELeaseCommit: 604
  |||line 344, col 12 to line 344, col 16 of module SPELeaseCommit: 6113
  |line 413, col 6 to line 413, col 29 of module SPELeaseCommit: 6113
  ||line 352, col 3 to line 356, col 53 of module SPELeaseCommit: 6113
  |||line 353, col 5 to line 356, col 53 of module SPELeaseCommit: 12226
  ||||line 353, col 5 to line 353, col 21 of module SPELeaseCommit: 12226
  ||||line 354, col 7 to line 356, col 53 of module SPELeaseCommit: 604
  |||line 352, col 12 to line 352, col 16 of module SPELeaseCommit: 6113
  |line 414, col 6 to line 414, col 21 of module SPELeaseCommit: 6113
  ||line 360, col 3 to line 361, col 52 of module SPELeaseCommit: 6113
  |||line 361, col 5 to line 361, col 52 of module SPELeaseCommit: 12226
  ||||line 361, col 5 to line 361, col 30 of module SPELeaseCommit: 12226
  ||||line 361, col 35 to line 361, col 52 of module SPELeaseCommit: 2800
  |||line 360, col 12 to line 360, col 16 of module SPELeaseCommit: 6113
  |line 415, col 6 to line 415, col 24 of module SPELeaseCommit: 6113
  ||line 365, col 3 to line 366, col 55 of module SPELeaseCommit: 6113
  |||line 366, col 5 to line 366, col 55 of module SPELeaseCommit: 12226
  ||||line 366, col 5 to line 366, col 33 of module SPELeaseCommit: 12226
  ||||line 366, col 38 to line 366, col 55 of module SPELeaseCommit: 2800
  |||line 365, col 12 to line 365, col 16 of module SPELeaseCommit: 6113
  |line 416, col 6 to line 416, col 24 of module SPELeaseCommit: 6113
  |line 417, col 6 to line 417, col 27 of module SPELeaseCommit: 6113
  |line 418, col 6 to line 418, col 29 of module SPELeaseCommit: 6113
  ||line 381, col 3 to line 384, col 48 of module SPELeaseCommit: 6113
  |||line 382, col 5 to line 384, col 48 of module SPELeaseCommit: 12226
  ||||line 382, col 5 to line 382, col 21 of module SPELeaseCommit: 12226
  ||||line 383, col 7 to line 384, col 48 of module SPELeaseCommit: 604
  |||line 381, col 12 to line 381, col 16 of module SPELeaseCommit: 6113
  |line 419, col 6 to line 419, col 19 of module SPELeaseCommit: 6113
  ||line 396, col 3 to line 397, col 76 of module SPELeaseCommit: 6113
  |||line 397, col 5 to line 397, col 76 of module SPELeaseCommit: 12226
  ||||line 397, col 5 to line 397, col 71 of module SPELeaseCommit: 12226
  |||||line 397, col 17 to line 397, col 70 of module SPELeaseCommit: 12226
  ||||||line 397, col 32 to line 397, col 69 of module SPELeaseCommit: 24452
  |||||||line 397, col 32 to line 397, col 48 of module SPELeaseCommit: 24452
  |||||||line 397, col 53 to line 397, col 69 of module SPELeaseCommit: 1208
  ||||||line 397, col 24 to line 397, col 28 of module SPELeaseCommit: 12226
  |||line 396, col 12 to line 396, col 16 of module SPELeaseCommit: 6113
  |line 420, col 6 to line 420, col 26 of module SPELeaseCommit: 6113
  ||line 402, col 3 to line 403, col 51 of module SPELeaseCommit: 6113
  |||line 403, col 5 to line 403, col 51 of module SPELeaseCommit: 12226
  ||||line 403, col 5 to line 403, col 21 of module SPELeaseCommit: 12226
  ||||line 403, col 26 to line 403, col 51 of module SPELeaseCommit: 604
  |||line 402, col 12 to line 402, col 16 of module SPELeaseCommit: 6113
End of statistics.
37681 states generated, 6113 distinct states found, 0 states left on queue.
The depth of the complete state graph search is 9.
The average outdegree of the complete state graph is 1 (minimum is 0, the maximum 18 and the 95th percentile is 4).
Finished in 01s at (2026-09-18 18:37:13)
