Listing 'spe_runtime'...
Listing 'spe_runtime/adapters'...
Listing 'spe_runtime/authority'...
Listing 'spe_runtime/capabilities'...
Listing 'spe_runtime/categories'...
Listing 'spe_runtime/categories/c01_decide'...
Listing 'spe_runtime/categories/c02_research'...
Listing 'spe_runtime/categories/c03_communicate'...
Listing 'spe_runtime/categories/c06_analyze'...
Listing 'spe_runtime/categories/c07_execute'...
Listing 'spe_runtime/cli'...
Listing 'spe_runtime/contract'...
Listing 'spe_runtime/execution'...
Listing 'spe_runtime/portability'...
Listing 'spe_runtime/privacy'...
Listing 'spe_runtime/prompt'...
Listing 'spe_runtime/proof'...
Listing 'spe_runtime/provenance'...
Listing 'spe_runtime/qualification'...
Listing 'spe_runtime/recovery'...
Listing 'spe_runtime/registry'...
Listing 'spe_runtime/requirements'...
Listing 'spe_runtime/storage'...
Listing 'spe_runtime/xcat'...
