PASS theme dark/dark 
PASS no PNG or Canvas dark/dark 
PASS PNG not fetched dark/dark 
PASS six native fragments dark/dark 
PASS five text steps dark/dark 
PASS complete reduced-motion state dark/dark 
PASS prompt visible dark/dark 
PASS runtime dark/dark 
PASS theme light/dark 
PASS no PNG or Canvas light/dark 
PASS PNG not fetched light/dark 
PASS six native fragments light/dark 
PASS five text steps light/dark 
PASS complete reduced-motion state light/dark 
PASS prompt visible light/dark 
PASS runtime light/dark 
PASS theme system/dark 
PASS no PNG or Canvas system/dark 
PASS PNG not fetched system/dark 
PASS six native fragments system/dark 
PASS five text steps system/dark 
PASS complete reduced-motion state system/dark 
PASS prompt visible system/dark 
PASS system live dark 
PASS runtime system/dark 
PASS theme system/light 
PASS no PNG or Canvas system/light 
PASS PNG not fetched system/light 
PASS six native fragments system/light 
PASS five text steps system/light 
PASS complete reduced-motion state system/light 
PASS prompt visible system/light 
PASS system live light 
PASS runtime system/light 
node:internal/modules/run_main:122
    triggerUncaughtException(
    ^

page.goto: net::ERR_HTTP_RESPONSE_CODE_FAILURE at http://127.0.0.1:4194/
Call log:
  - navigating to "http://127.0.0.1:4194/", waiting until "networkidle"

    at /workspace/apps/web/scripts/test-hero-story.mjs:124:11 {
  name: 'Error'
}

Node.js v22.14.0
HERO_EXIT:1
