vite v5.4.21 building for production...
transforming...
[plugin:vite:resolve] [plugin vite:resolve] Module "node:crypto" has been externalized for browser compatibility, imported by "/workspace/apps/web/src/engine/wasm-host.mjs". See https://vite.dev/guide/troubleshooting.html#module-externalized-for-browser-compatibility for more details.
✓ 122 modules transformed.
node_modules/onnxruntime-web/dist/ort.bundle.min.mjs (6:96476): Use of eval in "node_modules/onnxruntime-web/dist/ort.bundle.min.mjs" is strongly discouraged as it poses security risks and may cause issues with minification.
rendering chunks...
[plugin:vite:reporter] [plugin vite:reporter] 
(!) /workspace/apps/web/src/media/limits.ts is dynamically imported by /workspace/apps/web/src/media/semanticPipeline.ts but also statically imported by /workspace/apps/web/src/composer/UnifiedComposer.tsx, /workspace/apps/web/src/media/imageObserve.ts, /workspace/apps/web/src/media/urlIngest.ts, /workspace/apps/web/src/media/videoSample.ts, dynamic import will not move module into another chunk.

computing gzip size...
dist/index.html                                        2.16 kB │ gzip:   0.80 kB
dist/assets/engine.worker-BRhc7cig.js                  3.10 kB
dist/assets/ort-wasm-simd-threaded-BQQNiIPt.wasm  11,246.03 kB
dist/assets/index-vLLb9csV.css                       164.48 kB │ gzip:  33.56 kB
dist/assets/LabStage-MSFi0w1p.js                       5.57 kB │ gzip:   1.78 kB
dist/assets/index-3hdQRV2f.js                        375.18 kB │ gzip: 121.18 kB
dist/assets/ort-wasm-juE7TTNY.js                     464.10 kB │ gzip: 110.35 kB
dist/assets/r3f-CJQrfxy_.js                          831.35 kB │ gzip: 224.26 kB

(!) Some chunks are larger than 500 kB after minification. Consider:
- Using dynamic import() to code-split the application
- Use build.rollupOptions.output.manualChunks to improve chunking: https://rollupjs.org/configuration-options/#output-manualchunks
- Adjust chunk size limit for this warning via build.chunkSizeWarningLimit.
✓ built in 5.31s
VITE_EXIT:0
